\BOOKMARK [1][-]{section.1}{\376\377\170\024\172\166\200\314\146\157}{}% 1
\BOOKMARK [1][-]{section.2}{\376\377\170\024\172\166\145\271\154\325}{}% 2
\BOOKMARK [2][-]{subsection.2.1}{\376\377\145\160\143\156\147\145\156\220\116\016\230\204\131\004\164\006}{section.2}% 3
\BOOKMARK [2][-]{subsection.2.2}{\376\377\152\041\127\213\213\255\176\303}{section.2}% 4
\BOOKMARK [2][-]{subsection.2.3}{\376\377\133\232\221\317\213\304\116\367\150\106\147\266}{section.2}% 5
\BOOKMARK [3][-]{subsubsection.2.3.1}{\376\377\000F\000r\000\351\000c\000h\000e\000t\000\040\000I\000n\000c\000e\000p\000t\000i\000o\000n\000\040\000D\000i\000s\000t\000a\000n\000c\000e}{subsection.2.3}% 6
\BOOKMARK [3][-]{subsubsection.2.3.2}{\376\377\000K\000e\000r\000n\000e\000l\000\040\000I\000n\000c\000e\000p\000t\000i\000o\000n\000\040\000D\000i\000s\000t\000a\000n\000c\000e}{subsection.2.3}% 7
\BOOKMARK [3][-]{subsubsection.2.3.3}{\376\377\000P\000r\000e\000c\000i\000s\000i\000o\000n\000\040\116\016\000\040\000R\000e\000c\000a\000l\000l}{subsection.2.3}% 8
\BOOKMARK [3][-]{subsubsection.2.3.4}{\376\377\000D\000e\000n\000s\000i\000t\000y\000\040\116\016\000\040\000C\000o\000v\000e\000r\000a\000g\000e}{subsection.2.3}% 9
\BOOKMARK [3][-]{subsubsection.2.3.5}{\376\377\000-\000P\000r\000e\000c\000i\000s\000i\000o\000n\060\001\000-\000R\000e\000c\000a\000l\000l\000\040\116\016\000\040\000A\000u\000t\000h\000e\000n\000t\000i\000c\000i\000t\000y}{subsection.2.3}% 10
\BOOKMARK [2][-]{subsection.2.4}{\376\377\133\232\140\047\213\304\116\367}{section.2}% 11
\BOOKMARK [1][-]{section.3}{\376\377\170\024\172\166\176\323\147\234}{}% 12
\BOOKMARK [2][-]{subsection.3.1}{\376\377\211\306\211\311\000\040\000T\000u\000r\000i\000n\000g\000\040\155\113\213\325}{section.3}% 13
\BOOKMARK [2][-]{subsection.3.2}{\376\377\133\232\140\047\131\032\150\067\140\047\116\016\154\333\123\026\140\047}{section.3}% 14
\BOOKMARK [2][-]{subsection.3.3}{\376\377\133\232\221\317\213\304\116\367\140\073\117\123\176\323\147\234}{section.3}% 15
\BOOKMARK [1][-]{section.4}{\376\377\213\250\213\272}{}% 16
\BOOKMARK [2][-]{subsection.4.1}{\376\377\213\255\176\303\226\306\211\304\152\041\166\204\137\161\124\315}{section.4}% 17
\BOOKMARK [2][-]{subsection.4.2}{\376\377\000F\000I\000D\000\040\116\016\000\040\000K\000I\000D}{section.4}% 18
\BOOKMARK [2][-]{subsection.4.3}{\376\377\117\335\167\037\136\246}{section.4}% 19
\BOOKMARK [2][-]{subsection.4.4}{\376\377\131\032\150\067\140\047}{section.4}% 20
\BOOKMARK [2][-]{subsection.4.5}{\376\377\154\333\123\026\140\047}{section.4}% 21
\BOOKMARK [2][-]{subsection.4.6}{\376\377\136\177\154\333\141\017\116\111\116\016\134\100\226\120\140\047}{section.4}% 22
\BOOKMARK [1][-]{section.5}{\376\377\176\323\213\272}{}% 23
\BOOKMARK [1][-]{section.6}{\376\377\145\160\143\156\060\001\116\343\170\001\116\016\130\360\146\016}{}% 24
\BOOKMARK [1][-]{section.7}{\376\377\123\302\200\003\145\207\163\056\213\364\146\016}{}% 25
